ARM Linker, 5.03 [Build 24] [MDK-ARM Standard]

==============================================================================

Section Cross References

    main.o(i.CheckSringUseMsgMap) refers to msgmap.o(i.MsgMapSearch) for MsgMapSearch
    main.o(i.main) refers to main.o(i.system_init) for system_init
    main.o(i.main) refers to event.o(i.init_event) for init_event
    main.o(i.main) refers to byte_queue.o(i.queue_init) for queue_init
    main.o(i.main) refers to msgmap.o(i.cmd_register) for cmd_register
    main.o(i.main) refers to port.o(i.LEDBreath) for LEDBreath
    main.o(i.main) refers to main.o(i.task_a) for task_a
    main.o(i.main) refers to main.o(i.task_b) for task_b
    main.o(i.main) refers to main.o(i.task_c) for task_c
    main.o(i.main) refers to main.o(i.CheckSringUseMsgMap) for CheckSringUseMsgMap
    main.o(i.main) refers to main.o(i.serial_in_task) for serial_in_task
    main.o(i.main) refers to main.o(i.serial_out_task) for serial_out_task
    main.o(i.main) refers to main.o(.data) for s_tEventApple
    main.o(i.main) refers to main.o(.bss) for s_tBuf
    main.o(i.msg_apple_handler) refers to event.o(i.set_event) for set_event
    main.o(i.msg_apple_handler) refers to main.o(.data) for s_tEventApple
    main.o(i.msg_hello_handler) refers to event.o(i.set_event) for set_event
    main.o(i.msg_hello_handler) refers to main.o(.data) for s_tEventWorld
    main.o(i.msg_orange_handler) refers to event.o(i.set_event) for set_event
    main.o(i.msg_orange_handler) refers to main.o(.data) for s_tEventOrange
    main.o(i.msg_use1_handler) refers to event.o(i.set_event) for set_event
    main.o(i.msg_use1_handler) refers to main.o(.data) for s_tEventApple
    main.o(i.msg_use2_handler) refers to event.o(i.set_event) for set_event
    main.o(i.msg_use2_handler) refers to main.o(.data) for s_tEventWorld
    main.o(i.print_apple) refers to print_string.o(i.init_STR_output) for init_STR_output
    main.o(i.print_apple) refers to print_string.o(i.print_string) for print_string
    main.o(i.print_apple) refers to main.o(.data) for s_tState
    main.o(i.print_apple) refers to main.o(.bss) for s_tPrintStruct
    main.o(i.print_orange) refers to print_string.o(i.init_STR_output) for init_STR_output
    main.o(i.print_orange) refers to print_string.o(i.print_string) for print_string
    main.o(i.print_orange) refers to main.o(.data) for s_tState
    main.o(i.print_orange) refers to main.o(.bss) for s_tPrintStruct
    main.o(i.print_world) refers to print_string.o(i.init_STR_output) for init_STR_output
    main.o(i.print_world) refers to print_string.o(i.print_string) for print_string
    main.o(i.print_world) refers to main.o(.data) for s_tState
    main.o(i.print_world) refers to main.o(.bss) for s_tPrintStruct
    main.o(i.serial_in_task) refers to usart1.o(i.serial_in) for serial_in
    main.o(i.serial_in_task) refers to byte_queue.o(i.enqueue) for enqueue
    main.o(i.serial_in_task) refers to main.o(.data) for s_tState
    main.o(i.serial_in_task) refers to main.o(.bss) for g_tFIFOin
    main.o(i.serial_out_task) refers to byte_queue.o(i.dequeue) for dequeue
    main.o(i.serial_out_task) refers to usart1.o(i.serial_out) for serial_out
    main.o(i.serial_out_task) refers to main.o(.data) for s_tState
    main.o(i.serial_out_task) refers to main.o(.bss) for s_tFIFOout
    main.o(i.system_init) refers to port.o(i.Port_Init) for Port_Init
    main.o(i.system_init) refers to usart1.o(i.serial_init) for serial_init
    main.o(i.task_a) refers to event.o(i.wait_event) for wait_event
    main.o(i.task_a) refers to main.o(i.print_apple) for print_apple
    main.o(i.task_a) refers to event.o(i.reset_event) for reset_event
    main.o(i.task_a) refers to main.o(.data) for s_tState
    main.o(i.task_b) refers to event.o(i.wait_event) for wait_event
    main.o(i.task_b) refers to main.o(i.print_orange) for print_orange
    main.o(i.task_b) refers to event.o(i.reset_event) for reset_event
    main.o(i.task_b) refers to main.o(.data) for s_tState
    main.o(i.task_c) refers to event.o(i.wait_event) for wait_event
    main.o(i.task_c) refers to main.o(i.print_world) for print_world
    main.o(i.task_c) refers to event.o(i.reset_event) for reset_event
    main.o(i.task_c) refers to main.o(.data) for s_tState
    main.o(.data) refers to main.o(.conststring) for .conststring
    main.o(.data) refers to main.o(i.msg_use1_handler) for msg_use1_handler
    main.o(.data) refers to main.o(i.msg_use2_handler) for msg_use2_handler
    print_string.o(i.print_string) refers to usart1.o(i.serial_out) for serial_out
    usart1.o(i.serial_in) refers to stm32f10x_usart.o(i.USART_GetFlagStatus) for USART_GetFlagStatus
    usart1.o(i.serial_in) refers to stm32f10x_usart.o(i.USART_ReceiveData) for USART_ReceiveData
    usart1.o(i.serial_init) refers to stm32f10x_rcc.o(i.RCC_APB2PeriphClockCmd) for RCC_APB2PeriphClockCmd
    usart1.o(i.serial_init) refers to stm32f10x_gpio.o(i.GPIO_Init) for GPIO_Init
    usart1.o(i.serial_init) refers to stm32f10x_usart.o(i.USART_Init) for USART_Init
    usart1.o(i.serial_init) refers to stm32f10x_usart.o(i.USART_Cmd) for USART_Cmd
    usart1.o(i.serial_out) refers to stm32f10x_usart.o(i.USART_GetFlagStatus) for USART_GetFlagStatus
    usart1.o(i.serial_out) refers to stm32f10x_usart.o(i.USART_SendData) for USART_SendData
    port.o(i.GPIO_Key_Init) refers to stm32f10x_rcc.o(i.RCC_APB2PeriphClockCmd) for RCC_APB2PeriphClockCmd
    port.o(i.GPIO_Key_Init) refers to stm32f10x_gpio.o(i.GPIO_Init) for GPIO_Init
    port.o(i.GPIO_LED_Init) refers to stm32f10x_rcc.o(i.RCC_APB2PeriphClockCmd) for RCC_APB2PeriphClockCmd
    port.o(i.GPIO_LED_Init) refers to stm32f10x_gpio.o(i.GPIO_Init) for GPIO_Init
    port.o(i.LEDBreath) refers to port.o(.data) for s_hwCount1
    port.o(i.Port_Init) refers to port.o(i.GPIO_LED_Init) for GPIO_LED_Init
    port.o(i.Port_Init) refers to port.o(i.GPIO_Key_Init) for GPIO_Key_Init
    msgmap.o(i.CheckEngine) refers to msgmap.o(i.init_CHK_string) for init_CHK_string
    msgmap.o(i.CheckEngine) refers to msgmap.o(i.check_string) for check_string
    msgmap.o(i.CheckEngine) refers to msgmap.o(.data) for s_tState
    msgmap.o(i.CheckEngine) refers to main.o(.bss) for g_tFIFOin
    msgmap.o(i.CheckEngine) refers to msgmap.o(.bss) for s_tCHK
    msgmap.o(i.MsgMapSearch) refers to byte_queue.o(i.dequeue) for dequeue
    msgmap.o(i.MsgMapSearch) refers to msgmap.o(i.CheckEngine) for CheckEngine
    msgmap.o(i.MsgMapSearch) refers to byte_queue.o(i.get_all_peek_byte) for get_all_peek_byte
    msgmap.o(i.MsgMapSearch) refers to byte_queue.o(i.reset_peek_byte) for reset_peek_byte
    msgmap.o(i.MsgMapSearch) refers to msgmap.o(.data) for s_tState
    msgmap.o(i.MsgMapSearch) refers to msgmap.o(.constdata) for c_tMSGMap
    msgmap.o(i.MsgMapSearch) refers to main.o(.bss) for g_tFIFOin
    msgmap.o(i.check_string) refers to byte_queue.o(i.peek_byte_queue) for peek_byte_queue
    msgmap.o(i.check_string) refers to msgmap.o(.data) for chByte
    msgmap.o(i.cmd_register) refers to msgmap.o(.data) for s_tDynaMsgConfig
    msgmap.o(i.cmd_unregister) refers to msgmap.o(.data) for s_tDynaMsgConfig
    msgmap.o(.constdata) refers to msgmap.o(.conststring) for .conststring
    msgmap.o(.constdata) refers to main.o(i.msg_apple_handler) for msg_apple_handler
    msgmap.o(.constdata) refers to main.o(i.msg_orange_handler) for msg_orange_handler
    msgmap.o(.constdata) refers to main.o(i.msg_hello_handler) for msg_hello_handler
    stm32f10x_rcc.o(i.RCC_GetClocksFreq) refers to stm32f10x_rcc.o(.data) for APBAHBPrescTable
    stm32f10x_rcc.o(i.RCC_WaitForHSEStartUp) refers to stm32f10x_rcc.o(i.RCC_GetFlagStatus) for RCC_GetFlagStatus
    stm32f10x_gpio.o(i.GPIO_AFIODeInit) refers to stm32f10x_rcc.o(i.RCC_APB2PeriphResetCmd) for RCC_APB2PeriphResetCmd
    stm32f10x_gpio.o(i.GPIO_DeInit) refers to stm32f10x_rcc.o(i.RCC_APB2PeriphResetCmd) for RCC_APB2PeriphResetCmd
    stm32f10x_spi.o(i.I2S_Init) refers to stm32f10x_rcc.o(i.RCC_GetClocksFreq) for RCC_GetClocksFreq
    stm32f10x_spi.o(i.SPI_I2S_DeInit) refers to stm32f10x_rcc.o(i.RCC_APB2PeriphResetCmd) for RCC_APB2PeriphResetCmd
    stm32f10x_spi.o(i.SPI_I2S_DeInit) refers to stm32f10x_rcc.o(i.RCC_APB1PeriphResetCmd) for RCC_APB1PeriphResetCmd
    stm32f10x_usart.o(i.USART_DeInit) refers to stm32f10x_rcc.o(i.RCC_APB2PeriphResetCmd) for RCC_APB2PeriphResetCmd
    stm32f10x_usart.o(i.USART_DeInit) refers to stm32f10x_rcc.o(i.RCC_APB1PeriphResetCmd) for RCC_APB1PeriphResetCmd
    stm32f10x_usart.o(i.USART_Init) refers to stm32f10x_rcc.o(i.RCC_GetClocksFreq) for RCC_GetClocksFreq
    stm32f10x_i2c.o(i.I2C_DeInit) refers to stm32f10x_rcc.o(i.RCC_APB1PeriphResetCmd) for RCC_APB1PeriphResetCmd
    stm32f10x_i2c.o(i.I2C_Init) refers to stm32f10x_rcc.o(i.RCC_GetClocksFreq) for RCC_GetClocksFreq
    system_stm32f10x.o(i.SetSysClock) refers to system_stm32f10x.o(i.SetSysClockTo72) for SetSysClockTo72
    system_stm32f10x.o(i.SystemCoreClockUpdate) refers to system_stm32f10x.o(.data) for SystemCoreClock
    system_stm32f10x.o(i.SystemInit) refers to system_stm32f10x.o(i.SetSysClock) for SetSysClock
    startup_stm32f10x_hd.o(RESET) refers to startup_stm32f10x_hd.o(STACK) for __initial_sp
    startup_stm32f10x_hd.o(RESET) refers to startup_stm32f10x_hd.o(.text) for Reset_Handler
    startup_stm32f10x_hd.o(RESET) refers to stm32f10x_it.o(i.NMI_Handler) for NMI_Handler
    startup_stm32f10x_hd.o(RESET) refers to stm32f10x_it.o(i.HardFault_Handler) for HardFault_Handler
    startup_stm32f10x_hd.o(RESET) refers to stm32f10x_it.o(i.MemManage_Handler) for MemManage_Handler
    startup_stm32f10x_hd.o(RESET) refers to stm32f10x_it.o(i.BusFault_Handler) for BusFault_Handler
    startup_stm32f10x_hd.o(RESET) refers to stm32f10x_it.o(i.UsageFault_Handler) for UsageFault_Handler
    startup_stm32f10x_hd.o(RESET) refers to stm32f10x_it.o(i.SVC_Handler) for SVC_Handler
    startup_stm32f10x_hd.o(RESET) refers to stm32f10x_it.o(i.DebugMon_Handler) for DebugMon_Handler
    startup_stm32f10x_hd.o(RESET) refers to stm32f10x_it.o(i.PendSV_Handler) for PendSV_Handler
    startup_stm32f10x_hd.o(RESET) refers to stm32f10x_it.o(i.SysTick_Handler) for SysTick_Handler
    startup_stm32f10x_hd.o(.text) refers to system_stm32f10x.o(i.SystemInit) for SystemInit
    startup_stm32f10x_hd.o(.text) refers to entry.o(.ARM.Collect$$$$00000000) for __main
    entry.o(.ARM.Collect$$$$00000000) refers (Special) to entry10a.o(.ARM.Collect$$$$0000000D) for __rt_final_cpp
    entry.o(.ARM.Collect$$$$00000000) refers (Special) to entry11a.o(.ARM.Collect$$$$0000000F) for __rt_final_exit
    entry.o(.ARM.Collect$$$$00000000) refers (Special) to entry7b.o(.ARM.Collect$$$$00000008) for _main_clock
    entry.o(.ARM.Collect$$$$00000000) refers (Special) to entry8b.o(.ARM.Collect$$$$0000000A) for _main_cpp_init
    entry.o(.ARM.Collect$$$$00000000) refers (Special) to entry9a.o(.ARM.Collect$$$$0000000B) for _main_init
    entry.o(.ARM.Collect$$$$00000000) refers (Special) to entry5.o(.ARM.Collect$$$$00000004) for _main_scatterload
    entry.o(.ARM.Collect$$$$00000000) refers (Special) to entry2.o(.ARM.Collect$$$$00000001) for _main_stk
    entry2.o(.ARM.Collect$$$$00000001) refers to entry2.o(.ARM.Collect$$$$00002712) for __lit__00000000
    entry2.o(.ARM.Collect$$$$00002712) refers to startup_stm32f10x_hd.o(STACK) for __initial_sp
    entry2.o(__vectab_stack_and_reset_area) refers to startup_stm32f10x_hd.o(STACK) for __initial_sp
    entry2.o(__vectab_stack_and_reset_area) refers to entry.o(.ARM.Collect$$$$00000000) for __main
    entry5.o(.ARM.Collect$$$$00000004) refers to init.o(.text) for __scatterload
    entry9a.o(.ARM.Collect$$$$0000000B) refers to main.o(i.main) for main
    entry9b.o(.ARM.Collect$$$$0000000C) refers to main.o(i.main) for main
    init.o(.text) refers to entry5.o(.ARM.Collect$$$$00000004) for __main_after_scatterload


==============================================================================

Removing Unused input sections from the image.

    Removing criticalsector.o(i.enter_critical_sector), (18 bytes).
    Removing criticalsector.o(i.init_critical_sector), (8 bytes).
    Removing criticalsector.o(i.leave_critical_sector), (8 bytes).
    Removing mailbox.o(i.Init_Mail), (10 bytes).
    Removing mailbox.o(i.Is_Mail_Opend), (20 bytes).
    Removing mailbox.o(i.Open_Mail), (24 bytes).
    Removing mailbox.o(i.Post_Mail), (12 bytes).
    Removing byte_queue.o(i.is_type_queue_empty), (28 bytes).
    Removing msgmap.o(i.cmd_unregister), (16 bytes).
    Removing msgmap.o(i.dequeue), (12 bytes).
    Removing msgmap.o(i.get_all_peek_byte), (12 bytes).
    Removing msgmap.o(i.peek_byte_queue), (12 bytes).
    Removing msgmap.o(i.reset_peek_byte), (12 bytes).
    Removing stm32f10x_rcc.o(i.RCC_ADCCLKConfig), (24 bytes).
    Removing stm32f10x_rcc.o(i.RCC_AHBPeriphClockCmd), (32 bytes).
    Removing stm32f10x_rcc.o(i.RCC_APB1PeriphClockCmd), (32 bytes).
    Removing stm32f10x_rcc.o(i.RCC_APB1PeriphResetCmd), (32 bytes).
    Removing stm32f10x_rcc.o(i.RCC_APB2PeriphResetCmd), (32 bytes).
    Removing stm32f10x_rcc.o(i.RCC_AdjustHSICalibrationValue), (24 bytes).
    Removing stm32f10x_rcc.o(i.RCC_BackupResetCmd), (12 bytes).
    Removing stm32f10x_rcc.o(i.RCC_ClearFlag), (20 bytes).
    Removing stm32f10x_rcc.o(i.RCC_ClearITPendingBit), (12 bytes).
    Removing stm32f10x_rcc.o(i.RCC_ClockSecuritySystemCmd), (12 bytes).
    Removing stm32f10x_rcc.o(i.RCC_DeInit), (76 bytes).
    Removing stm32f10x_rcc.o(i.RCC_GetFlagStatus), (60 bytes).
    Removing stm32f10x_rcc.o(i.RCC_GetITStatus), (24 bytes).
    Removing stm32f10x_rcc.o(i.RCC_GetSYSCLKSource), (16 bytes).
    Removing stm32f10x_rcc.o(i.RCC_HCLKConfig), (24 bytes).
    Removing stm32f10x_rcc.o(i.RCC_HSEConfig), (76 bytes).
    Removing stm32f10x_rcc.o(i.RCC_HSICmd), (12 bytes).
    Removing stm32f10x_rcc.o(i.RCC_ITConfig), (32 bytes).
    Removing stm32f10x_rcc.o(i.RCC_LSEConfig), (52 bytes).
    Removing stm32f10x_rcc.o(i.RCC_LSICmd), (12 bytes).
    Removing stm32f10x_rcc.o(i.RCC_MCOConfig), (12 bytes).
    Removing stm32f10x_rcc.o(i.RCC_PCLK1Config), (24 bytes).
    Removing stm32f10x_rcc.o(i.RCC_PCLK2Config), (24 bytes).
    Removing stm32f10x_rcc.o(i.RCC_PLLCmd), (12 bytes).
    Removing stm32f10x_rcc.o(i.RCC_PLLConfig), (28 bytes).
    Removing stm32f10x_rcc.o(i.RCC_RTCCLKCmd), (12 bytes).
    Removing stm32f10x_rcc.o(i.RCC_RTCCLKConfig), (16 bytes).
    Removing stm32f10x_rcc.o(i.RCC_SYSCLKConfig), (24 bytes).
    Removing stm32f10x_rcc.o(i.RCC_USBCLKConfig), (12 bytes).
    Removing stm32f10x_rcc.o(i.RCC_WaitForHSEStartUp), (56 bytes).
    Removing stm32f10x_gpio.o(i.GPIO_AFIODeInit), (20 bytes).
    Removing stm32f10x_gpio.o(i.GPIO_DeInit), (200 bytes).
    Removing stm32f10x_gpio.o(i.GPIO_ETH_MediaInterfaceConfig), (12 bytes).
    Removing stm32f10x_gpio.o(i.GPIO_EXTILineConfig), (64 bytes).
    Removing stm32f10x_gpio.o(i.GPIO_EventOutputCmd), (12 bytes).
    Removing stm32f10x_gpio.o(i.GPIO_EventOutputConfig), (32 bytes).
    Removing stm32f10x_gpio.o(i.GPIO_PinLockConfig), (18 bytes).
    Removing stm32f10x_gpio.o(i.GPIO_PinRemapConfig), (144 bytes).
    Removing stm32f10x_gpio.o(i.GPIO_ReadInputData), (8 bytes).
    Removing stm32f10x_gpio.o(i.GPIO_ReadInputDataBit), (18 bytes).
    Removing stm32f10x_gpio.o(i.GPIO_ReadOutputData), (8 bytes).
    Removing stm32f10x_gpio.o(i.GPIO_ReadOutputDataBit), (18 bytes).
    Removing stm32f10x_gpio.o(i.GPIO_ResetBits), (4 bytes).
    Removing stm32f10x_gpio.o(i.GPIO_SetBits), (4 bytes).
    Removing stm32f10x_gpio.o(i.GPIO_StructInit), (16 bytes).
    Removing stm32f10x_gpio.o(i.GPIO_Write), (4 bytes).
    Removing stm32f10x_gpio.o(i.GPIO_WriteBit), (10 bytes).
    Removing misc.o(i.NVIC_Init), (116 bytes).
    Removing misc.o(i.NVIC_PriorityGroupConfig), (20 bytes).
    Removing misc.o(i.NVIC_SetVectorTable), (20 bytes).
    Removing misc.o(i.NVIC_SystemLPConfig), (32 bytes).
    Removing misc.o(i.SysTick_CLKSourceConfig), (40 bytes).
    Removing stm32f10x_exti.o(i.EXTI_ClearFlag), (12 bytes).
    Removing stm32f10x_exti.o(i.EXTI_ClearITPendingBit), (12 bytes).
    Removing stm32f10x_exti.o(i.EXTI_DeInit), (36 bytes).
    Removing stm32f10x_exti.o(i.EXTI_GenerateSWInterrupt), (16 bytes).
    Removing stm32f10x_exti.o(i.EXTI_GetFlagStatus), (24 bytes).
    Removing stm32f10x_exti.o(i.EXTI_GetITStatus), (40 bytes).
    Removing stm32f10x_exti.o(i.EXTI_Init), (148 bytes).
    Removing stm32f10x_exti.o(i.EXTI_StructInit), (16 bytes).
    Removing stm32f10x_spi.o(i.I2S_Cmd), (24 bytes).
    Removing stm32f10x_spi.o(i.I2S_Init), (232 bytes).
    Removing stm32f10x_spi.o(i.I2S_StructInit), (20 bytes).
    Removing stm32f10x_spi.o(i.SPI_BiDirectionalLineConfig), (28 bytes).
    Removing stm32f10x_spi.o(i.SPI_CalculateCRC), (24 bytes).
    Removing stm32f10x_spi.o(i.SPI_Cmd), (24 bytes).
    Removing stm32f10x_spi.o(i.SPI_DataSizeConfig), (18 bytes).
    Removing stm32f10x_spi.o(i.SPI_GetCRC), (16 bytes).
    Removing stm32f10x_spi.o(i.SPI_GetCRCPolynomial), (6 bytes).
    Removing stm32f10x_spi.o(i.SPI_I2S_ClearFlag), (6 bytes).
    Removing stm32f10x_spi.o(i.SPI_I2S_ClearITPendingBit), (20 bytes).
    Removing stm32f10x_spi.o(i.SPI_I2S_DMACmd), (18 bytes).
    Removing stm32f10x_spi.o(i.SPI_I2S_DeInit), (88 bytes).
    Removing stm32f10x_spi.o(i.SPI_I2S_GetFlagStatus), (18 bytes).
    Removing stm32f10x_spi.o(i.SPI_I2S_GetITStatus), (52 bytes).
    Removing stm32f10x_spi.o(i.SPI_I2S_ITConfig), (32 bytes).
    Removing stm32f10x_spi.o(i.SPI_I2S_ReceiveData), (6 bytes).
    Removing stm32f10x_spi.o(i.SPI_I2S_SendData), (4 bytes).
    Removing stm32f10x_spi.o(i.SPI_Init), (60 bytes).
    Removing stm32f10x_spi.o(i.SPI_NSSInternalSoftwareConfig), (30 bytes).
    Removing stm32f10x_spi.o(i.SPI_SSOutputCmd), (24 bytes).
    Removing stm32f10x_spi.o(i.SPI_StructInit), (24 bytes).
    Removing stm32f10x_spi.o(i.SPI_TransmitCRC), (10 bytes).
    Removing stm32f10x_fsmc.o(i.FSMC_ClearFlag), (72 bytes).
    Removing stm32f10x_fsmc.o(i.FSMC_ClearITPendingBit), (72 bytes).
    Removing stm32f10x_fsmc.o(i.FSMC_GetECC), (28 bytes).
    Removing stm32f10x_fsmc.o(i.FSMC_GetFlagStatus), (56 bytes).
    Removing stm32f10x_fsmc.o(i.FSMC_GetITStatus), (68 bytes).
    Removing stm32f10x_fsmc.o(i.FSMC_ITConfig), (136 bytes).
    Removing stm32f10x_fsmc.o(i.FSMC_NANDCmd), (92 bytes).
    Removing stm32f10x_fsmc.o(i.FSMC_NANDDeInit), (72 bytes).
    Removing stm32f10x_fsmc.o(i.FSMC_NANDECCCmd), (92 bytes).
    Removing stm32f10x_fsmc.o(i.FSMC_NANDInit), (140 bytes).
    Removing stm32f10x_fsmc.o(i.FSMC_NANDStructInit), (54 bytes).
    Removing stm32f10x_fsmc.o(i.FSMC_NORSRAMCmd), (52 bytes).
    Removing stm32f10x_fsmc.o(i.FSMC_NORSRAMDeInit), (56 bytes).
    Removing stm32f10x_fsmc.o(i.FSMC_NORSRAMInit), (220 bytes).
    Removing stm32f10x_fsmc.o(i.FSMC_NORSRAMStructInit), (112 bytes).
    Removing stm32f10x_fsmc.o(i.FSMC_PCCARDCmd), (48 bytes).
    Removing stm32f10x_fsmc.o(i.FSMC_PCCARDDeInit), (48 bytes).
    Removing stm32f10x_fsmc.o(i.FSMC_PCCARDInit), (136 bytes).
    Removing stm32f10x_fsmc.o(i.FSMC_PCCARDStructInit), (60 bytes).
    Removing stm32f10x_usart.o(i.USART_ClearFlag), (18 bytes).
    Removing stm32f10x_usart.o(i.USART_ClearITPendingBit), (30 bytes).
    Removing stm32f10x_usart.o(i.USART_ClockInit), (34 bytes).
    Removing stm32f10x_usart.o(i.USART_ClockStructInit), (12 bytes).
    Removing stm32f10x_usart.o(i.USART_DMACmd), (18 bytes).
    Removing stm32f10x_usart.o(i.USART_DeInit), (156 bytes).
    Removing stm32f10x_usart.o(i.USART_GetITStatus), (84 bytes).
    Removing stm32f10x_usart.o(i.USART_HalfDuplexCmd), (24 bytes).
    Removing stm32f10x_usart.o(i.USART_ITConfig), (74 bytes).
    Removing stm32f10x_usart.o(i.USART_IrDACmd), (24 bytes).
    Removing stm32f10x_usart.o(i.USART_IrDAConfig), (18 bytes).
    Removing stm32f10x_usart.o(i.USART_LINBreakDetectLengthConfig), (18 bytes).
    Removing stm32f10x_usart.o(i.USART_LINCmd), (24 bytes).
    Removing stm32f10x_usart.o(i.USART_OneBitMethodCmd), (24 bytes).
    Removing stm32f10x_usart.o(i.USART_OverSampling8Cmd), (22 bytes).
    Removing stm32f10x_usart.o(i.USART_ReceiverWakeUpCmd), (24 bytes).
    Removing stm32f10x_usart.o(i.USART_SendBreak), (10 bytes).
    Removing stm32f10x_usart.o(i.USART_SetAddress), (18 bytes).
    Removing stm32f10x_usart.o(i.USART_SetGuardTime), (16 bytes).
    Removing stm32f10x_usart.o(i.USART_SetPrescaler), (16 bytes).
    Removing stm32f10x_usart.o(i.USART_SmartCardCmd), (24 bytes).
    Removing stm32f10x_usart.o(i.USART_SmartCardNACKCmd), (24 bytes).
    Removing stm32f10x_usart.o(i.USART_StructInit), (24 bytes).
    Removing stm32f10x_usart.o(i.USART_WakeUpConfig), (18 bytes).
    Removing stm32f10x_sdio.o(i.SDIO_CEATAITCmd), (16 bytes).
    Removing stm32f10x_sdio.o(i.SDIO_ClearFlag), (12 bytes).
    Removing stm32f10x_sdio.o(i.SDIO_ClearITPendingBit), (12 bytes).
    Removing stm32f10x_sdio.o(i.SDIO_ClockCmd), (12 bytes).
    Removing stm32f10x_sdio.o(i.SDIO_CmdStructInit), (14 bytes).
    Removing stm32f10x_sdio.o(i.SDIO_CommandCompletionCmd), (12 bytes).
    Removing stm32f10x_sdio.o(i.SDIO_DMACmd), (12 bytes).
    Removing stm32f10x_sdio.o(i.SDIO_DataConfig), (48 bytes).
    Removing stm32f10x_sdio.o(i.SDIO_DataStructInit), (20 bytes).
    Removing stm32f10x_sdio.o(i.SDIO_DeInit), (36 bytes).
    Removing stm32f10x_sdio.o(i.SDIO_GetCommandResponse), (12 bytes).
    Removing stm32f10x_sdio.o(i.SDIO_GetDataCounter), (12 bytes).
    Removing stm32f10x_sdio.o(i.SDIO_GetFIFOCount), (12 bytes).
    Removing stm32f10x_sdio.o(i.SDIO_GetFlagStatus), (24 bytes).
    Removing stm32f10x_sdio.o(i.SDIO_GetITStatus), (24 bytes).
    Removing stm32f10x_sdio.o(i.SDIO_GetPowerState), (16 bytes).
    Removing stm32f10x_sdio.o(i.SDIO_GetResponse), (24 bytes).
    Removing stm32f10x_sdio.o(i.SDIO_ITConfig), (32 bytes).
    Removing stm32f10x_sdio.o(i.SDIO_Init), (48 bytes).
    Removing stm32f10x_sdio.o(i.SDIO_ReadData), (12 bytes).
    Removing stm32f10x_sdio.o(i.SDIO_SendCEATACmd), (12 bytes).
    Removing stm32f10x_sdio.o(i.SDIO_SendCommand), (44 bytes).
    Removing stm32f10x_sdio.o(i.SDIO_SendSDIOSuspendCmd), (12 bytes).
    Removing stm32f10x_sdio.o(i.SDIO_SetPowerState), (28 bytes).
    Removing stm32f10x_sdio.o(i.SDIO_SetSDIOOperation), (12 bytes).
    Removing stm32f10x_sdio.o(i.SDIO_SetSDIOReadWaitMode), (12 bytes).
    Removing stm32f10x_sdio.o(i.SDIO_StartSDIOReadWait), (12 bytes).
    Removing stm32f10x_sdio.o(i.SDIO_StopSDIOReadWait), (12 bytes).
    Removing stm32f10x_sdio.o(i.SDIO_StructInit), (16 bytes).
    Removing stm32f10x_sdio.o(i.SDIO_WriteData), (12 bytes).
    Removing stm32f10x_dma.o(i.DMA_ClearFlag), (28 bytes).
    Removing stm32f10x_dma.o(i.DMA_ClearITPendingBit), (28 bytes).
    Removing stm32f10x_dma.o(i.DMA_Cmd), (22 bytes).
    Removing stm32f10x_dma.o(i.DMA_DeInit), (332 bytes).
    Removing stm32f10x_dma.o(i.DMA_GetCurrDataCounter), (8 bytes).
    Removing stm32f10x_dma.o(i.DMA_GetFlagStatus), (44 bytes).
    Removing stm32f10x_dma.o(i.DMA_GetITStatus), (44 bytes).
    Removing stm32f10x_dma.o(i.DMA_ITConfig), (18 bytes).
    Removing stm32f10x_dma.o(i.DMA_Init), (60 bytes).
    Removing stm32f10x_dma.o(i.DMA_StructInit), (26 bytes).
    Removing stm32f10x_i2c.o(i.I2C_ARPCmd), (24 bytes).
    Removing stm32f10x_i2c.o(i.I2C_AcknowledgeConfig), (24 bytes).
    Removing stm32f10x_i2c.o(i.I2C_CalculatePEC), (24 bytes).
    Removing stm32f10x_i2c.o(i.I2C_CheckEvent), (42 bytes).
    Removing stm32f10x_i2c.o(i.I2C_ClearFlag), (12 bytes).
    Removing stm32f10x_i2c.o(i.I2C_ClearITPendingBit), (12 bytes).
    Removing stm32f10x_i2c.o(i.I2C_Cmd), (24 bytes).
    Removing stm32f10x_i2c.o(i.I2C_DMACmd), (24 bytes).
    Removing stm32f10x_i2c.o(i.I2C_DMALastTransferCmd), (24 bytes).
    Removing stm32f10x_i2c.o(i.I2C_DeInit), (56 bytes).
    Removing stm32f10x_i2c.o(i.I2C_DualAddressCmd), (24 bytes).
    Removing stm32f10x_i2c.o(i.I2C_FastModeDutyCycleConfig), (28 bytes).
    Removing stm32f10x_i2c.o(i.I2C_GeneralCallCmd), (24 bytes).
    Removing stm32f10x_i2c.o(i.I2C_GenerateSTART), (24 bytes).
    Removing stm32f10x_i2c.o(i.I2C_GenerateSTOP), (24 bytes).
    Removing stm32f10x_i2c.o(i.I2C_GetFlagStatus), (58 bytes).
    Removing stm32f10x_i2c.o(i.I2C_GetITStatus), (38 bytes).
    Removing stm32f10x_i2c.o(i.I2C_GetLastEvent), (26 bytes).
    Removing stm32f10x_i2c.o(i.I2C_GetPEC), (8 bytes).
    Removing stm32f10x_i2c.o(i.I2C_ITConfig), (18 bytes).
    Removing stm32f10x_i2c.o(i.I2C_Init), (236 bytes).
    Removing stm32f10x_i2c.o(i.I2C_OwnAddress2Config), (22 bytes).
    Removing stm32f10x_i2c.o(i.I2C_PECPositionConfig), (28 bytes).
    Removing stm32f10x_i2c.o(i.I2C_ReadRegister), (22 bytes).
    Removing stm32f10x_i2c.o(i.I2C_ReceiveData), (8 bytes).
    Removing stm32f10x_i2c.o(i.I2C_SMBusAlertConfig), (28 bytes).
    Removing stm32f10x_i2c.o(i.I2C_Send7bitAddress), (18 bytes).
    Removing stm32f10x_i2c.o(i.I2C_SendData), (4 bytes).
    Removing stm32f10x_i2c.o(i.I2C_SoftwareResetCmd), (22 bytes).
    Removing stm32f10x_i2c.o(i.I2C_StretchClockCmd), (24 bytes).
    Removing stm32f10x_i2c.o(i.I2C_StructInit), (30 bytes).
    Removing stm32f10x_i2c.o(i.I2C_TransmitPEC), (24 bytes).
    Removing core_cm3.o(.emb_text), (32 bytes).
    Removing system_stm32f10x.o(i.SystemCoreClockUpdate), (164 bytes).
    Removing system_stm32f10x.o(.data), (20 bytes).
    Removing startup_stm32f10x_hd.o(HEAP), (512 bytes).

215 unused section(s) (total 8228 bytes) removed from the image.

==============================================================================

Image Symbol Table

    Local Symbols

    Symbol Name                              Value     Ov Type        Size  Object(Section)

    ../clib/microlib/init/entry.s            0x00000000   Number         0  entry10b.o ABSOLUTE
    ../clib/microlib/init/entry.s            0x00000000   Number         0  entry10a.o ABSOLUTE
    ../clib/microlib/init/entry.s            0x00000000   Number         0  entry9b.o ABSOLUTE
    ../clib/microlib/init/entry.s            0x00000000   Number         0  entry9a.o ABSOLUTE
    ../clib/microlib/init/entry.s            0x00000000   Number         0  entry2.o ABSOLUTE
    ../clib/microlib/init/entry.s            0x00000000   Number         0  entry7a.o ABSOLUTE
    ../clib/microlib/init/entry.s            0x00000000   Number         0  entry8b.o ABSOLUTE
    ../clib/microlib/init/entry.s            0x00000000   Number         0  entry8a.o ABSOLUTE
    ../clib/microlib/init/entry.s            0x00000000   Number         0  entry7b.o ABSOLUTE
    ../clib/microlib/init/entry.s            0x00000000   Number         0  entry5.o ABSOLUTE
    ../clib/microlib/init/entry.s            0x00000000   Number         0  entry11b.o ABSOLUTE
    ../clib/microlib/init/entry.s            0x00000000   Number         0  entry.o ABSOLUTE
    ../clib/microlib/init/entry.s            0x00000000   Number         0  entry11a.o ABSOLUTE
    ..\..\..\Libraries\CMSIS\CM3\CoreSupport\core_cm3.c 0x00000000   Number         0  core_cm3.o ABSOLUTE
    ..\..\..\Libraries\CMSIS\CM3\DeviceSupport\ST\STM32F10x\startup\arm\startup_stm32f10x_hd.s 0x00000000   Number         0  startup_stm32f10x_hd.o ABSOLUTE
    ..\..\..\Libraries\CMSIS\CM3\DeviceSupport\ST\STM32F10x\system_stm32f10x.c 0x00000000   Number         0  system_stm32f10x.o ABSOLUTE
    ..\..\..\Libraries\STM32F10x_StdPeriph_Driver\src\misc.c 0x00000000   Number         0  misc.o ABSOLUTE
    ..\..\..\Libraries\STM32F10x_StdPeriph_Driver\src\stm32f10x_dma.c 0x00000000   Number         0  stm32f10x_dma.o ABSOLUTE
    ..\..\..\Libraries\STM32F10x_StdPeriph_Driver\src\stm32f10x_exti.c 0x00000000   Number         0  stm32f10x_exti.o ABSOLUTE
    ..\..\..\Libraries\STM32F10x_StdPeriph_Driver\src\stm32f10x_fsmc.c 0x00000000   Number         0  stm32f10x_fsmc.o ABSOLUTE
    ..\..\..\Libraries\STM32F10x_StdPeriph_Driver\src\stm32f10x_gpio.c 0x00000000   Number         0  stm32f10x_gpio.o ABSOLUTE
    ..\..\..\Libraries\STM32F10x_StdPeriph_Driver\src\stm32f10x_i2c.c 0x00000000   Number         0  stm32f10x_i2c.o ABSOLUTE
    ..\..\..\Libraries\STM32F10x_StdPeriph_Driver\src\stm32f10x_rcc.c 0x00000000   Number         0  stm32f10x_rcc.o ABSOLUTE
    ..\..\..\Libraries\STM32F10x_StdPeriph_Driver\src\stm32f10x_sdio.c 0x00000000   Number         0  stm32f10x_sdio.o ABSOLUTE
    ..\..\..\Libraries\STM32F10x_StdPeriph_Driver\src\stm32f10x_spi.c 0x00000000   Number         0  stm32f10x_spi.o ABSOLUTE
    ..\..\..\Libraries\STM32F10x_StdPeriph_Driver\src\stm32f10x_usart.c 0x00000000   Number         0  stm32f10x_usart.o ABSOLUTE
    ..\\..\\..\\Libraries\\CMSIS\\CM3\\CoreSupport\\core_cm3.c 0x00000000   Number         0  core_cm3.o ABSOLUTE
    ..\main.c                                0x00000000   Number         0  main.o ABSOLUTE
    ..\src\MailBox\MailBox.c                 0x00000000   Number         0  mailbox.o ABSOLUTE
    ..\src\MsgMap\MsgMap.c                   0x00000000   Number         0  msgmap.o ABSOLUTE
    ..\src\PORT\Port.c                       0x00000000   Number         0  port.o ABSOLUTE
    ..\src\USART\USART1.c                    0x00000000   Number         0  usart1.o ABSOLUTE
    ..\src\byte_queue\byte_queue.c           0x00000000   Number         0  byte_queue.o ABSOLUTE
    ..\src\criticalsector\CriticalSector.c   0x00000000   Number         0  criticalsector.o ABSOLUTE
    ..\src\event\event.c                     0x00000000   Number         0  event.o ABSOLUTE
    ..\src\print_string\print_string.c       0x00000000   Number         0  print_string.o ABSOLUTE
    ..\stm32f10x_it.c                        0x00000000   Number         0  stm32f10x_it.o ABSOLUTE
    dc.s                                     0x00000000   Number         0  dc.o ABSOLUTE
    handlers.s                               0x00000000   Number         0  handlers.o ABSOLUTE
    init.s                                   0x00000000   Number         0  init.o ABSOLUTE
    RESET                                    0x08000000   Section      304  startup_stm32f10x_hd.o(RESET)
    .ARM.Collect$$$$00000000                 0x08000130   Section        0  entry.o(.ARM.Collect$$$$00000000)
    .ARM.Collect$$$$00000001                 0x08000130   Section        4  entry2.o(.ARM.Collect$$$$00000001)
    .ARM.Collect$$$$00000004                 0x08000134   Section        4  entry5.o(.ARM.Collect$$$$00000004)
    .ARM.Collect$$$$00000008                 0x08000138   Section        0  entry7b.o(.ARM.Collect$$$$00000008)
    .ARM.Collect$$$$0000000A                 0x08000138   Section        0  entry8b.o(.ARM.Collect$$$$0000000A)
    .ARM.Collect$$$$0000000B                 0x08000138   Section        8  entry9a.o(.ARM.Collect$$$$0000000B)
    .ARM.Collect$$$$0000000D                 0x08000140   Section        0  entry10a.o(.ARM.Collect$$$$0000000D)
    .ARM.Collect$$$$0000000F                 0x08000140   Section        0  entry11a.o(.ARM.Collect$$$$0000000F)
    .ARM.Collect$$$$00002712                 0x08000140   Section        4  entry2.o(.ARM.Collect$$$$00002712)
    __lit__00000000                          0x08000140   Data           4  entry2.o(.ARM.Collect$$$$00002712)
    .text                                    0x08000144   Section       36  startup_stm32f10x_hd.o(.text)
    .text                                    0x08000168   Section       36  init.o(.text)
    i.BusFault_Handler                       0x0800018c   Section        0  stm32f10x_it.o(i.BusFault_Handler)
    i.CheckEngine                            0x08000190   Section        0  msgmap.o(i.CheckEngine)
    CheckEngine                              0x08000191   Thumb Code   112  msgmap.o(i.CheckEngine)
    i.CheckSringUseMsgMap                    0x0800020c   Section        0  main.o(i.CheckSringUseMsgMap)
    CheckSringUseMsgMap                      0x0800020d   Thumb Code    24  main.o(i.CheckSringUseMsgMap)
    i.DebugMon_Handler                       0x08000224   Section        0  stm32f10x_it.o(i.DebugMon_Handler)
    i.GPIO_Init                              0x08000226   Section        0  stm32f10x_gpio.o(i.GPIO_Init)
    i.GPIO_Key_Init                          0x08000338   Section        0  port.o(i.GPIO_Key_Init)
    GPIO_Key_Init                            0x08000339   Thumb Code    46  port.o(i.GPIO_Key_Init)
    i.GPIO_LED_Init                          0x08000370   Section        0  port.o(i.GPIO_LED_Init)
    GPIO_LED_Init                            0x08000371   Thumb Code    50  port.o(i.GPIO_LED_Init)
    i.HardFault_Handler                      0x080003a8   Section        0  stm32f10x_it.o(i.HardFault_Handler)
    i.LEDBreath                              0x080003ac   Section        0  port.o(i.LEDBreath)
    i.MemManage_Handler                      0x08000448   Section        0  stm32f10x_it.o(i.MemManage_Handler)
    i.MsgMapSearch                           0x0800044c   Section        0  msgmap.o(i.MsgMapSearch)
    i.NMI_Handler                            0x080005a0   Section        0  stm32f10x_it.o(i.NMI_Handler)
    i.PendSV_Handler                         0x080005a2   Section        0  stm32f10x_it.o(i.PendSV_Handler)
    i.Port_Init                              0x080005a4   Section        0  port.o(i.Port_Init)
    i.RCC_APB2PeriphClockCmd                 0x080005b0   Section        0  stm32f10x_rcc.o(i.RCC_APB2PeriphClockCmd)
    i.RCC_GetClocksFreq                      0x080005d0   Section        0  stm32f10x_rcc.o(i.RCC_GetClocksFreq)
    i.SVC_Handler                            0x080006a4   Section        0  stm32f10x_it.o(i.SVC_Handler)
    i.SetSysClock                            0x080006a6   Section        0  system_stm32f10x.o(i.SetSysClock)
    SetSysClock                              0x080006a7   Thumb Code     8  system_stm32f10x.o(i.SetSysClock)
    i.SetSysClockTo72                        0x080006b0   Section        0  system_stm32f10x.o(i.SetSysClockTo72)
    SetSysClockTo72                          0x080006b1   Thumb Code   212  system_stm32f10x.o(i.SetSysClockTo72)
    i.SysTick_Handler                        0x0800078c   Section        0  stm32f10x_it.o(i.SysTick_Handler)
    i.SystemInit                             0x08000790   Section        0  system_stm32f10x.o(i.SystemInit)
    i.USART_Cmd                              0x080007e4   Section        0  stm32f10x_usart.o(i.USART_Cmd)
    i.USART_GetFlagStatus                    0x080007fc   Section        0  stm32f10x_usart.o(i.USART_GetFlagStatus)
    i.USART_Init                             0x08000818   Section        0  stm32f10x_usart.o(i.USART_Init)
    i.USART_ReceiveData                      0x080008f0   Section        0  stm32f10x_usart.o(i.USART_ReceiveData)
    i.USART_SendData                         0x080008fa   Section        0  stm32f10x_usart.o(i.USART_SendData)
    i.UsageFault_Handler                     0x08000902   Section        0  stm32f10x_it.o(i.UsageFault_Handler)
    i.__scatterload_copy                     0x08000906   Section       14  handlers.o(i.__scatterload_copy)
    i.__scatterload_null                     0x08000914   Section        2  handlers.o(i.__scatterload_null)
    i.__scatterload_zeroinit                 0x08000916   Section       14  handlers.o(i.__scatterload_zeroinit)
    i.check_string                           0x08000924   Section        0  msgmap.o(i.check_string)
    check_string                             0x08000925   Thumb Code   104  msgmap.o(i.check_string)
    i.cmd_register                           0x08000990   Section        0  msgmap.o(i.cmd_register)
    i.dequeue                                0x080009b4   Section        0  byte_queue.o(i.dequeue)
    i.enqueue                                0x080009fa   Section        0  byte_queue.o(i.enqueue)
    i.get_all_peek_byte                      0x08000a38   Section        0  byte_queue.o(i.get_all_peek_byte)
    i.init_CHK_string                        0x08000a4c   Section        0  msgmap.o(i.init_CHK_string)
    init_CHK_string                          0x08000a4d   Thumb Code    26  msgmap.o(i.init_CHK_string)
    i.init_STR_output                        0x08000a66   Section        0  print_string.o(i.init_STR_output)
    i.init_event                             0x08000a7c   Section        0  event.o(i.init_event)
    i.main                                   0x08000a8c   Section        0  main.o(i.main)
    i.msg_apple_handler                      0x08000b0c   Section        0  main.o(i.msg_apple_handler)
    i.msg_hello_handler                      0x08000b24   Section        0  main.o(i.msg_hello_handler)
    i.msg_orange_handler                     0x08000b3c   Section        0  main.o(i.msg_orange_handler)
    i.msg_use1_handler                       0x08000b54   Section        0  main.o(i.msg_use1_handler)
    i.msg_use2_handler                       0x08000b78   Section        0  main.o(i.msg_use2_handler)
    i.peek_byte_queue                        0x08000b9c   Section        0  byte_queue.o(i.peek_byte_queue)
    i.print_apple                            0x08000bdc   Section        0  main.o(i.print_apple)
    print_apple                              0x08000bdd   Thumb Code    82  main.o(i.print_apple)
    i.print_orange                           0x08000c3c   Section        0  main.o(i.print_orange)
    print_orange                             0x08000c3d   Thumb Code    82  main.o(i.print_orange)
    i.print_string                           0x08000c9c   Section        0  print_string.o(i.print_string)
    i.print_world                            0x08000cf0   Section        0  main.o(i.print_world)
    print_world                              0x08000cf1   Thumb Code    82  main.o(i.print_world)
    i.queue_init                             0x08000d50   Section        0  byte_queue.o(i.queue_init)
    i.reset_event                            0x08000d70   Section        0  event.o(i.reset_event)
    i.reset_peek_byte                        0x08000d78   Section        0  byte_queue.o(i.reset_peek_byte)
    i.serial_in                              0x08000d8c   Section        0  usart1.o(i.serial_in)
    i.serial_in_task                         0x08000db0   Section        0  main.o(i.serial_in_task)
    serial_in_task                           0x08000db1   Thumb Code    60  main.o(i.serial_in_task)
    i.serial_init                            0x08000df8   Section        0  usart1.o(i.serial_init)
    i.serial_out                             0x08000e74   Section        0  usart1.o(i.serial_out)
    i.serial_out_task                        0x08000e98   Section        0  main.o(i.serial_out_task)
    serial_out_task                          0x08000e99   Thumb Code    74  main.o(i.serial_out_task)
    i.set_event                              0x08000ef0   Section        0  event.o(i.set_event)
    i.system_init                            0x08000ef8   Section        0  main.o(i.system_init)
    system_init                              0x08000ef9   Thumb Code    12  main.o(i.system_init)
    i.task_a                                 0x08000f04   Section        0  main.o(i.task_a)
    task_a                                   0x08000f05   Thumb Code    74  main.o(i.task_a)
    i.task_b                                 0x08000f58   Section        0  main.o(i.task_b)
    task_b                                   0x08000f59   Thumb Code    74  main.o(i.task_b)
    i.task_c                                 0x08000fac   Section        0  main.o(i.task_c)
    task_c                                   0x08000fad   Thumb Code    74  main.o(i.task_c)
    i.wait_event                             0x08001000   Section        0  event.o(i.wait_event)
    .constdata                               0x08001020   Section       24  msgmap.o(.constdata)
    c_tMSGMap                                0x08001020   Data          24  msgmap.o(.constdata)
    .conststring                             0x08001038   Section       35  main.o(.conststring)
    .conststring                             0x0800105b   Section       19  msgmap.o(.conststring)
    .data                                    0x20000000   Section       50  main.o(.data)
    s_tUserMSGMap                            0x20000000   Data          16  main.o(.data)
    s_chByte                                 0x20000010   Data           1  main.o(.data)
    s_tState                                 0x20000011   Data           1  main.o(.data)
    s_chByte                                 0x20000012   Data           1  main.o(.data)
    s_tState                                 0x20000013   Data           1  main.o(.data)
    s_tState                                 0x20000014   Data           1  main.o(.data)
    s_tState                                 0x20000015   Data           1  main.o(.data)
    s_tState                                 0x20000016   Data           1  main.o(.data)
    s_tState                                 0x20000017   Data           1  main.o(.data)
    s_pchString                              0x20000018   Data           4  main.o(.data)
    s_tState                                 0x2000001c   Data           1  main.o(.data)
    s_pchString                              0x20000020   Data           4  main.o(.data)
    s_tState                                 0x20000024   Data           1  main.o(.data)
    s_pchString                              0x20000028   Data           4  main.o(.data)
    s_tEventApple                            0x2000002c   Data           2  main.o(.data)
    s_tEventOrange                           0x2000002e   Data           2  main.o(.data)
    s_tEventWorld                            0x20000030   Data           2  main.o(.data)
    .data                                    0x20000032   Section        5  port.o(.data)
    s_hwCount1                               0x20000032   Data           2  port.o(.data)
    s_hwCount2                               0x20000034   Data           2  port.o(.data)
    s_chFlag                                 0x20000036   Data           1  port.o(.data)
    .data                                    0x20000038   Section       16  msgmap.o(.data)
    s_tDynaMsgConfig                         0x20000038   Data           8  msgmap.o(.data)
    c_ptMsg                                  0x20000040   Data           4  msgmap.o(.data)
    s_chMsgIndex                             0x20000044   Data           1  msgmap.o(.data)
    s_tState                                 0x20000045   Data           1  msgmap.o(.data)
    s_tState                                 0x20000046   Data           1  msgmap.o(.data)
    chByte                                   0x20000047   Data           1  msgmap.o(.data)
    .data                                    0x20000048   Section       20  stm32f10x_rcc.o(.data)
    APBAHBPrescTable                         0x20000048   Data          16  stm32f10x_rcc.o(.data)
    ADCPrescTable                            0x20000058   Data           4  stm32f10x_rcc.o(.data)
    .bss                                     0x2000005c   Section      100  main.o(.bss)
    s_tPrintStruct                           0x2000005c   Data          12  main.o(.bss)
    s_tPrintStruct                           0x20000068   Data          12  main.o(.bss)
    s_tPrintStruct                           0x20000074   Data          12  main.o(.bss)
    s_tBuf                                   0x200000a0   Data          16  main.o(.bss)
    s_tPiPeBuf                               0x200000b0   Data          16  main.o(.bss)
    .bss                                     0x200000c0   Section       16  msgmap.o(.bss)
    s_tCHK                                   0x200000c0   Data          16  msgmap.o(.bss)
    STACK                                    0x200000d0   Section     1024  startup_stm32f10x_hd.o(STACK)

    Global Symbols

    Symbol Name                              Value     Ov Type        Size  Object(Section)

    BuildAttributes$$THM_ISAv4$P$D$K$B$S$PE$A:L22UL41UL21$X:L11$S22US41US21$IEEE1$IW$USESV6$~STKCKD$USESV7$~SHL$OSPACE$EBA8$MICROLIB$REQ8$PRES8$EABIv2 0x00000000   Number         0  anon$$obj.o ABSOLUTE
    __ARM_use_no_argv                        0x00000000   Number         0  main.o ABSOLUTE
    __cpp_initialize__aeabi_                  - Undefined Weak Reference
    __cxa_finalize                            - Undefined Weak Reference
    __decompress                              - Undefined Weak Reference
    _clock_init                               - Undefined Weak Reference
    _microlib_exit                            - Undefined Weak Reference
    __Vectors_Size                           0x00000130   Number         0  startup_stm32f10x_hd.o ABSOLUTE
    __Vectors                                0x08000000   Data           4  startup_stm32f10x_hd.o(RESET)
    __Vectors_End                            0x08000130   Data           0  startup_stm32f10x_hd.o(RESET)
    __main                                   0x08000131   Thumb Code     0  entry.o(.ARM.Collect$$$$00000000)
    _main_stk                                0x08000131   Thumb Code     0  entry2.o(.ARM.Collect$$$$00000001)
    _main_scatterload                        0x08000135   Thumb Code     0  entry5.o(.ARM.Collect$$$$00000004)
    __main_after_scatterload                 0x08000139   Thumb Code     0  entry5.o(.ARM.Collect$$$$00000004)
    _main_clock                              0x08000139   Thumb Code     0  entry7b.o(.ARM.Collect$$$$00000008)
    _main_cpp_init                           0x08000139   Thumb Code     0  entry8b.o(.ARM.Collect$$$$0000000A)
    _main_init                               0x08000139   Thumb Code     0  entry9a.o(.ARM.Collect$$$$0000000B)
    __rt_final_cpp                           0x08000141   Thumb Code     0  entry10a.o(.ARM.Collect$$$$0000000D)
    __rt_final_exit                          0x08000141   Thumb Code     0  entry11a.o(.ARM.Collect$$$$0000000F)
    Reset_Handler                            0x08000145   Thumb Code     8  startup_stm32f10x_hd.o(.text)
    ADC1_2_IRQHandler                        0x0800015f   Thumb Code     0  startup_stm32f10x_hd.o(.text)
    ADC3_IRQHandler                          0x0800015f   Thumb Code     0  startup_stm32f10x_hd.o(.text)
    CAN1_RX1_IRQHandler                      0x0800015f   Thumb Code     0  startup_stm32f10x_hd.o(.text)
    CAN1_SCE_IRQHandler                      0x0800015f   Thumb Code     0  startup_stm32f10x_hd.o(.text)
    DMA1_Channel1_IRQHandler                 0x0800015f   Thumb Code     0  startup_stm32f10x_hd.o(.text)
    DMA1_Channel2_IRQHandler                 0x0800015f   Thumb Code     0  startup_stm32f10x_hd.o(.text)
    DMA1_Channel3_IRQHandler                 0x0800015f   Thumb Code     0  startup_stm32f10x_hd.o(.text)
    DMA1_Channel4_IRQHandler                 0x0800015f   Thumb Code     0  startup_stm32f10x_hd.o(.text)
    DMA1_Channel5_IRQHandler                 0x0800015f   Thumb Code     0  startup_stm32f10x_hd.o(.text)
    DMA1_Channel6_IRQHandler                 0x0800015f   Thumb Code     0  startup_stm32f10x_hd.o(.text)
    DMA1_Channel7_IRQHandler                 0x0800015f   Thumb Code     0  startup_stm32f10x_hd.o(.text)
    DMA2_Channel1_IRQHandler                 0x0800015f   Thumb Code     0  startup_stm32f10x_hd.o(.text)
    DMA2_Channel2_IRQHandler                 0x0800015f   Thumb Code     0  startup_stm32f10x_hd.o(.text)
    DMA2_Channel3_IRQHandler                 0x0800015f   Thumb Code     0  startup_stm32f10x_hd.o(.text)
    DMA2_Channel4_5_IRQHandler               0x0800015f   Thumb Code     0  startup_stm32f10x_hd.o(.text)
    EXTI0_IRQHandler                         0x0800015f   Thumb Code     0  startup_stm32f10x_hd.o(.text)
    EXTI15_10_IRQHandler                     0x0800015f   Thumb Code     0  startup_stm32f10x_hd.o(.text)
    EXTI1_IRQHandler                         0x0800015f   Thumb Code     0  startup_stm32f10x_hd.o(.text)
    EXTI2_IRQHandler                         0x0800015f   Thumb Code     0  startup_stm32f10x_hd.o(.text)
    EXTI3_IRQHandler                         0x0800015f   Thumb Code     0  startup_stm32f10x_hd.o(.text)
    EXTI4_IRQHandler                         0x0800015f   Thumb Code     0  startup_stm32f10x_hd.o(.text)
    EXTI9_5_IRQHandler                       0x0800015f   Thumb Code     0  startup_stm32f10x_hd.o(.text)
    FLASH_IRQHandler                         0x0800015f   Thumb Code     0  startup_stm32f10x_hd.o(.text)
    FSMC_IRQHandler                          0x0800015f   Thumb Code     0  startup_stm32f10x_hd.o(.text)
    I2C1_ER_IRQHandler                       0x0800015f   Thumb Code     0  startup_stm32f10x_hd.o(.text)
    I2C1_EV_IRQHandler                       0x0800015f   Thumb Code     0  startup_stm32f10x_hd.o(.text)
    I2C2_ER_IRQHandler                       0x0800015f   Thumb Code     0  startup_stm32f10x_hd.o(.text)
    I2C2_EV_IRQHandler                       0x0800015f   Thumb Code     0  startup_stm32f10x_hd.o(.text)
    PVD_IRQHandler                           0x0800015f   Thumb Code     0  startup_stm32f10x_hd.o(.text)
    RCC_IRQHandler                           0x0800015f   Thumb Code     0  startup_stm32f10x_hd.o(.text)
    RTCAlarm_IRQHandler                      0x0800015f   Thumb Code     0  startup_stm32f10x_hd.o(.text)
    RTC_IRQHandler                           0x0800015f   Thumb Code     0  startup_stm32f10x_hd.o(.text)
    SDIO_IRQHandler                          0x0800015f   Thumb Code     0  startup_stm32f10x_hd.o(.text)
    SPI1_IRQHandler                          0x0800015f   Thumb Code     0  startup_stm32f10x_hd.o(.text)
    SPI2_IRQHandler                          0x0800015f   Thumb Code     0  startup_stm32f10x_hd.o(.text)
    SPI3_IRQHandler                          0x0800015f   Thumb Code     0  startup_stm32f10x_hd.o(.text)
    TAMPER_IRQHandler                        0x0800015f   Thumb Code     0  startup_stm32f10x_hd.o(.text)
    TIM1_BRK_IRQHandler                      0x0800015f   Thumb Code     0  startup_stm32f10x_hd.o(.text)
    TIM1_CC_IRQHandler                       0x0800015f   Thumb Code     0  startup_stm32f10x_hd.o(.text)
    TIM1_TRG_COM_IRQHandler                  0x0800015f   Thumb Code     0  startup_stm32f10x_hd.o(.text)
    TIM1_UP_IRQHandler                       0x0800015f   Thumb Code     0  startup_stm32f10x_hd.o(.text)
    TIM2_IRQHandler                          0x0800015f   Thumb Code     0  startup_stm32f10x_hd.o(.text)
    TIM3_IRQHandler                          0x0800015f   Thumb Code     0  startup_stm32f10x_hd.o(.text)
    TIM4_IRQHandler                          0x0800015f   Thumb Code     0  startup_stm32f10x_hd.o(.text)
    TIM5_IRQHandler                          0x0800015f   Thumb Code     0  startup_stm32f10x_hd.o(.text)
    TIM6_IRQHandler                          0x0800015f   Thumb Code     0  startup_stm32f10x_hd.o(.text)
    TIM7_IRQHandler                          0x0800015f   Thumb Code     0  startup_stm32f10x_hd.o(.text)
    TIM8_BRK_IRQHandler                      0x0800015f   Thumb Code     0  startup_stm32f10x_hd.o(.text)
    TIM8_CC_IRQHandler                       0x0800015f   Thumb Code     0  startup_stm32f10x_hd.o(.text)
    TIM8_TRG_COM_IRQHandler                  0x0800015f   Thumb Code     0  startup_stm32f10x_hd.o(.text)
    TIM8_UP_IRQHandler                       0x0800015f   Thumb Code     0  startup_stm32f10x_hd.o(.text)
    UART4_IRQHandler                         0x0800015f   Thumb Code     0  startup_stm32f10x_hd.o(.text)
    UART5_IRQHandler                         0x0800015f   Thumb Code     0  startup_stm32f10x_hd.o(.text)
    USART1_IRQHandler                        0x0800015f   Thumb Code     0  startup_stm32f10x_hd.o(.text)
    USART2_IRQHandler                        0x0800015f   Thumb Code     0  startup_stm32f10x_hd.o(.text)
    USART3_IRQHandler                        0x0800015f   Thumb Code     0  startup_stm32f10x_hd.o(.text)
    USBWakeUp_IRQHandler                     0x0800015f   Thumb Code     0  startup_stm32f10x_hd.o(.text)
    USB_HP_CAN1_TX_IRQHandler                0x0800015f   Thumb Code     0  startup_stm32f10x_hd.o(.text)
    USB_LP_CAN1_RX0_IRQHandler               0x0800015f   Thumb Code     0  startup_stm32f10x_hd.o(.text)
    WWDG_IRQHandler                          0x0800015f   Thumb Code     0  startup_stm32f10x_hd.o(.text)
    __scatterload                            0x08000169   Thumb Code    28  init.o(.text)
    __scatterload_rt2                        0x08000169   Thumb Code     0  init.o(.text)
    BusFault_Handler                         0x0800018d   Thumb Code     4  stm32f10x_it.o(i.BusFault_Handler)
    DebugMon_Handler                         0x08000225   Thumb Code     2  stm32f10x_it.o(i.DebugMon_Handler)
    GPIO_Init                                0x08000227   Thumb Code   274  stm32f10x_gpio.o(i.GPIO_Init)
    HardFault_Handler                        0x080003a9   Thumb Code     4  stm32f10x_it.o(i.HardFault_Handler)
    LEDBreath                                0x080003ad   Thumb Code   138  port.o(i.LEDBreath)
    MemManage_Handler                        0x08000449   Thumb Code     4  stm32f10x_it.o(i.MemManage_Handler)
    MsgMapSearch                             0x0800044d   Thumb Code   316  msgmap.o(i.MsgMapSearch)
    NMI_Handler                              0x080005a1   Thumb Code     2  stm32f10x_it.o(i.NMI_Handler)
    PendSV_Handler                           0x080005a3   Thumb Code     2  stm32f10x_it.o(i.PendSV_Handler)
    Port_Init                                0x080005a5   Thumb Code    12  port.o(i.Port_Init)
    RCC_APB2PeriphClockCmd                   0x080005b1   Thumb Code    26  stm32f10x_rcc.o(i.RCC_APB2PeriphClockCmd)
    RCC_GetClocksFreq                        0x080005d1   Thumb Code   192  stm32f10x_rcc.o(i.RCC_GetClocksFreq)
    SVC_Handler                              0x080006a5   Thumb Code     2  stm32f10x_it.o(i.SVC_Handler)
    SysTick_Handler                          0x0800078d   Thumb Code     2  stm32f10x_it.o(i.SysTick_Handler)
    SystemInit                               0x08000791   Thumb Code    70  system_stm32f10x.o(i.SystemInit)
    USART_Cmd                                0x080007e5   Thumb Code    24  stm32f10x_usart.o(i.USART_Cmd)
    USART_GetFlagStatus                      0x080007fd   Thumb Code    26  stm32f10x_usart.o(i.USART_GetFlagStatus)
    USART_Init                               0x08000819   Thumb Code   210  stm32f10x_usart.o(i.USART_Init)
    USART_ReceiveData                        0x080008f1   Thumb Code    10  stm32f10x_usart.o(i.USART_ReceiveData)
    USART_SendData                           0x080008fb   Thumb Code     8  stm32f10x_usart.o(i.USART_SendData)
    UsageFault_Handler                       0x08000903   Thumb Code     4  stm32f10x_it.o(i.UsageFault_Handler)
    __scatterload_copy                       0x08000907   Thumb Code    14  handlers.o(i.__scatterload_copy)
    __scatterload_null                       0x08000915   Thumb Code     2  handlers.o(i.__scatterload_null)
    __scatterload_zeroinit                   0x08000917   Thumb Code    14  handlers.o(i.__scatterload_zeroinit)
    cmd_register                             0x08000991   Thumb Code    30  msgmap.o(i.cmd_register)
    dequeue                                  0x080009b5   Thumb Code    70  byte_queue.o(i.dequeue)
    enqueue                                  0x080009fb   Thumb Code    62  byte_queue.o(i.enqueue)
    get_all_peek_byte                        0x08000a39   Thumb Code    20  byte_queue.o(i.get_all_peek_byte)
    init_STR_output                          0x08000a67   Thumb Code    22  print_string.o(i.init_STR_output)
    init_event                               0x08000a7d   Thumb Code    16  event.o(i.init_event)
    main                                     0x08000a8d   Thumb Code    94  main.o(i.main)
    msg_apple_handler                        0x08000b0d   Thumb Code    20  main.o(i.msg_apple_handler)
    msg_hello_handler                        0x08000b25   Thumb Code    20  main.o(i.msg_hello_handler)
    msg_orange_handler                       0x08000b3d   Thumb Code    20  main.o(i.msg_orange_handler)
    msg_use1_handler                         0x08000b55   Thumb Code    26  main.o(i.msg_use1_handler)
    msg_use2_handler                         0x08000b79   Thumb Code    26  main.o(i.msg_use2_handler)
    peek_byte_queue                          0x08000b9d   Thumb Code    62  byte_queue.o(i.peek_byte_queue)
    print_string                             0x08000c9d   Thumb Code    84  print_string.o(i.print_string)
    queue_init                               0x08000d51   Thumb Code    32  byte_queue.o(i.queue_init)
    reset_event                              0x08000d71   Thumb Code     8  event.o(i.reset_event)
    reset_peek_byte                          0x08000d79   Thumb Code    20  byte_queue.o(i.reset_peek_byte)
    serial_in                                0x08000d8d   Thumb Code    30  usart1.o(i.serial_in)
    serial_init                              0x08000df9   Thumb Code   114  usart1.o(i.serial_init)
    serial_out                               0x08000e75   Thumb Code    30  usart1.o(i.serial_out)
    set_event                                0x08000ef1   Thumb Code     8  event.o(i.set_event)
    wait_event                               0x08001001   Thumb Code    30  event.o(i.wait_event)
    Region$$Table$$Base                      0x08001070   Number         0  anon$$obj.o(Region$$Table)
    Region$$Table$$Limit                     0x08001090   Number         0  anon$$obj.o(Region$$Table)
    g_tFIFOin                                0x20000080   Data          16  main.o(.bss)
    s_tFIFOout                               0x20000090   Data          16  main.o(.bss)
    __initial_sp                             0x200004d0   Data           0  startup_stm32f10x_hd.o(STACK)



==============================================================================

Memory Map of the image

  Image Entry point : 0x08000131

  Load Region LR_IROM1 (Base: 0x08000000, Size: 0x000010ec, Max: 0x00080000, ABSOLUTE)

    Execution Region ER_IROM1 (Base: 0x08000000, Size: 0x00001090, Max: 0x00080000, ABSOLUTE)

    Base Addr    Size         Type   Attr      Idx    E Section Name        Object

    0x08000000   0x00000130   Data   RO         2032    RESET               startup_stm32f10x_hd.o
    0x08000130   0x00000000   Code   RO         2037  * .ARM.Collect$$$$00000000  mc_w.l(entry.o)
    0x08000130   0x00000004   Code   RO         2040    .ARM.Collect$$$$00000001  mc_w.l(entry2.o)
    0x08000134   0x00000004   Code   RO         2043    .ARM.Collect$$$$00000004  mc_w.l(entry5.o)
    0x08000138   0x00000000   Code   RO         2045    .ARM.Collect$$$$00000008  mc_w.l(entry7b.o)
    0x08000138   0x00000000   Code   RO         2047    .ARM.Collect$$$$0000000A  mc_w.l(entry8b.o)
    0x08000138   0x00000008   Code   RO         2048    .ARM.Collect$$$$0000000B  mc_w.l(entry9a.o)
    0x08000140   0x00000000   Code   RO         2050    .ARM.Collect$$$$0000000D  mc_w.l(entry10a.o)
    0x08000140   0x00000000   Code   RO         2052    .ARM.Collect$$$$0000000F  mc_w.l(entry11a.o)
    0x08000140   0x00000004   Code   RO         2041    .ARM.Collect$$$$00002712  mc_w.l(entry2.o)
    0x08000144   0x00000024   Code   RO         2033    .text               startup_stm32f10x_hd.o
    0x08000168   0x00000024   Code   RO         2054    .text               mc_w.l(init.o)
    0x0800018c   0x00000004   Code   RO            1    i.BusFault_Handler  stm32f10x_it.o
    0x08000190   0x0000007c   Code   RO          543    i.CheckEngine       msgmap.o
    0x0800020c   0x00000018   Code   RO          110    i.CheckSringUseMsgMap  main.o
    0x08000224   0x00000002   Code   RO            2    i.DebugMon_Handler  stm32f10x_it.o
    0x08000226   0x00000112   Code   RO          863    i.GPIO_Init         stm32f10x_gpio.o
    0x08000338   0x00000038   Code   RO          505    i.GPIO_Key_Init     port.o
    0x08000370   0x00000038   Code   RO          506    i.GPIO_LED_Init     port.o
    0x080003a8   0x00000004   Code   RO            3    i.HardFault_Handler  stm32f10x_it.o
    0x080003ac   0x0000009c   Code   RO          507    i.LEDBreath         port.o
    0x08000448   0x00000004   Code   RO            4    i.MemManage_Handler  stm32f10x_it.o
    0x0800044c   0x00000154   Code   RO          544    i.MsgMapSearch      msgmap.o
    0x080005a0   0x00000002   Code   RO            5    i.NMI_Handler       stm32f10x_it.o
    0x080005a2   0x00000002   Code   RO            6    i.PendSV_Handler    stm32f10x_it.o
    0x080005a4   0x0000000c   Code   RO          508    i.Port_Init         port.o
    0x080005b0   0x00000020   Code   RO          634    i.RCC_APB2PeriphClockCmd  stm32f10x_rcc.o
    0x080005d0   0x000000d4   Code   RO          642    i.RCC_GetClocksFreq  stm32f10x_rcc.o
    0x080006a4   0x00000002   Code   RO            7    i.SVC_Handler       stm32f10x_it.o
    0x080006a6   0x00000008   Code   RO         1996    i.SetSysClock       system_stm32f10x.o
    0x080006ae   0x00000002   PAD
    0x080006b0   0x000000dc   Code   RO         1997    i.SetSysClockTo72   system_stm32f10x.o
    0x0800078c   0x00000002   Code   RO            8    i.SysTick_Handler   stm32f10x_it.o
    0x0800078e   0x00000002   PAD
    0x08000790   0x00000054   Code   RO         1999    i.SystemInit        system_stm32f10x.o
    0x080007e4   0x00000018   Code   RO         1347    i.USART_Cmd         stm32f10x_usart.o
    0x080007fc   0x0000001a   Code   RO         1350    i.USART_GetFlagStatus  stm32f10x_usart.o
    0x08000816   0x00000002   PAD
    0x08000818   0x000000d8   Code   RO         1354    i.USART_Init        stm32f10x_usart.o
    0x080008f0   0x0000000a   Code   RO         1361    i.USART_ReceiveData  stm32f10x_usart.o
    0x080008fa   0x00000008   Code   RO         1364    i.USART_SendData    stm32f10x_usart.o
    0x08000902   0x00000004   Code   RO            9    i.UsageFault_Handler  stm32f10x_it.o
    0x08000906   0x0000000e   Code   RO         2058    i.__scatterload_copy  mc_w.l(handlers.o)
    0x08000914   0x00000002   Code   RO         2059    i.__scatterload_null  mc_w.l(handlers.o)
    0x08000916   0x0000000e   Code   RO         2060    i.__scatterload_zeroinit  mc_w.l(handlers.o)
    0x08000924   0x0000006c   Code   RO          545    i.check_string      msgmap.o
    0x08000990   0x00000024   Code   RO          546    i.cmd_register      msgmap.o
    0x080009b4   0x00000046   Code   RO          388    i.dequeue           byte_queue.o
    0x080009fa   0x0000003e   Code   RO          389    i.enqueue           byte_queue.o
    0x08000a38   0x00000014   Code   RO          390    i.get_all_peek_byte  byte_queue.o
    0x08000a4c   0x0000001a   Code   RO          550    i.init_CHK_string   msgmap.o
    0x08000a66   0x00000016   Code   RO          442    i.init_STR_output   print_string.o
    0x08000a7c   0x00000010   Code   RO          352    i.init_event        event.o
    0x08000a8c   0x00000080   Code   RO          111    i.main              main.o
    0x08000b0c   0x00000018   Code   RO          112    i.msg_apple_handler  main.o
    0x08000b24   0x00000018   Code   RO          113    i.msg_hello_handler  main.o
    0x08000b3c   0x00000018   Code   RO          114    i.msg_orange_handler  main.o
    0x08000b54   0x00000024   Code   RO          115    i.msg_use1_handler  main.o
    0x08000b78   0x00000024   Code   RO          116    i.msg_use2_handler  main.o
    0x08000b9c   0x0000003e   Code   RO          392    i.peek_byte_queue   byte_queue.o
    0x08000bda   0x00000002   PAD
    0x08000bdc   0x00000060   Code   RO          117    i.print_apple       main.o
    0x08000c3c   0x00000060   Code   RO          118    i.print_orange      main.o
    0x08000c9c   0x00000054   Code   RO          443    i.print_string      print_string.o
    0x08000cf0   0x00000060   Code   RO          119    i.print_world       main.o
    0x08000d50   0x00000020   Code   RO          393    i.queue_init        byte_queue.o
    0x08000d70   0x00000008   Code   RO          353    i.reset_event       event.o
    0x08000d78   0x00000014   Code   RO          394    i.reset_peek_byte   byte_queue.o
    0x08000d8c   0x00000024   Code   RO          475    i.serial_in         usart1.o
    0x08000db0   0x00000048   Code   RO          120    i.serial_in_task    main.o
    0x08000df8   0x0000007c   Code   RO          476    i.serial_init       usart1.o
    0x08000e74   0x00000024   Code   RO          477    i.serial_out        usart1.o
    0x08000e98   0x00000058   Code   RO          121    i.serial_out_task   main.o
    0x08000ef0   0x00000008   Code   RO          354    i.set_event         event.o
    0x08000ef8   0x0000000c   Code   RO          122    i.system_init       main.o
    0x08000f04   0x00000054   Code   RO          123    i.task_a            main.o
    0x08000f58   0x00000054   Code   RO          124    i.task_b            main.o
    0x08000fac   0x00000054   Code   RO          125    i.task_c            main.o
    0x08001000   0x0000001e   Code   RO          355    i.wait_event        event.o
    0x0800101e   0x00000002   PAD
    0x08001020   0x00000018   Data   RO          554    .constdata          msgmap.o
    0x08001038   0x00000023   Data   RO          127    .conststring        main.o
    0x0800105b   0x00000013   Data   RO          555    .conststring        msgmap.o
    0x0800106e   0x00000002   PAD
    0x08001070   0x00000020   Data   RO         2056    Region$$Table       anon$$obj.o


    Execution Region RW_IRAM1 (Base: 0x20000000, Size: 0x000004d0, Max: 0x00010000, ABSOLUTE)

    Base Addr    Size         Type   Attr      Idx    E Section Name        Object

    0x20000000   0x00000032   Data   RW          128    .data               main.o
    0x20000032   0x00000005   Data   RW          509    .data               port.o
    0x20000037   0x00000001   PAD
    0x20000038   0x00000010   Data   RW          556    .data               msgmap.o
    0x20000048   0x00000014   Data   RW          662    .data               stm32f10x_rcc.o
    0x2000005c   0x00000064   Zero   RW          126    .bss                main.o
    0x200000c0   0x00000010   Zero   RW          553    .bss                msgmap.o
    0x200000d0   0x00000400   Zero   RW         2030    STACK               startup_stm32f10x_hd.o


==============================================================================

Image component sizes


      Code (inc. data)   RO Data    RW Data    ZI Data      Debug   Object Name

       266          0          0          0          0       3729   byte_queue.o
         0          0          0          0          0         32   core_cm3.o
         0          0          0          0          0     202880   criticalsector.o
        62          0          0          0          0       2140   event.o
      1008        164         35         50        100      13021   main.o
       634         52         43         16         16       7110   msgmap.o
       280         34          0          5          0       1732   port.o
       106          0          0          0          0       3117   print_string.o
        36          8        304          0       1024        856   startup_stm32f10x_hd.o
       274          0          0          0          0      19008   stm32f10x_gpio.o
        26          0          0          0          0      21738   stm32f10x_it.o
       244         26          0         20          0      12721   stm32f10x_rcc.o
       284          6          0          0          0      10700   stm32f10x_usart.o
       312         22          0          0          0       2045   system_stm32f10x.o
       196         22          0          0          0       1755   usart1.o

    ----------------------------------------------------------------------
      3738        334        416         92       1140     302584   Object Totals
         0          0         32          0          0          0   (incl. Generated)
        10          0          2          1          0          0   (incl. Padding)

    ----------------------------------------------------------------------

      Code (inc. data)   RO Data    RW Data    ZI Data      Debug   Library Member Name

         0          0          0          0          0          0   entry.o
         0          0          0          0          0          0   entry10a.o
         0          0          0          0          0          0   entry11a.o
         8          4          0          0          0          0   entry2.o
         4          0          0          0          0          0   entry5.o
         0          0          0          0          0          0   entry7b.o
         0          0          0          0          0          0   entry8b.o
         8          4          0          0          0          0   entry9a.o
        30          0          0          0          0          0   handlers.o
        36          8          0          0          0         68   init.o

    ----------------------------------------------------------------------
        86         16          0          0          0         68   Library Totals
         0          0          0          0          0          0   (incl. Padding)

    ----------------------------------------------------------------------

      Code (inc. data)   RO Data    RW Data    ZI Data      Debug   Library Name

        86         16          0          0          0         68   mc_w.l

    ----------------------------------------------------------------------
        86         16          0          0          0         68   Library Totals

    ----------------------------------------------------------------------

==============================================================================


      Code (inc. data)   RO Data    RW Data    ZI Data      Debug   

      3824        350        416         92       1140     299688   Grand Totals
      3824        350        416         92       1140     299688   ELF Image Totals
      3824        350        416         92          0          0   ROM Totals

==============================================================================

    Total RO  Size (Code + RO Data)                 4240 (   4.14kB)
    Total RW  Size (RW Data + ZI Data)              1232 (   1.20kB)
    Total ROM Size (Code + RO Data + RW Data)       4332 (   4.23kB)

==============================================================================

